stm32f3xx_ll_rtc.h:793:22:LL_RTC_SetHourFormat	16	static
stm32f3xx_ll_rtc.h:806:26:LL_RTC_GetHourFormat	16	static
stm32f3xx_ll_rtc.h:955:22:LL_RTC_EnableInitMode	16	static
stm32f3xx_ll_rtc.h:967:22:LL_RTC_DisableInitMode	16	static
stm32f3xx_ll_rtc.h:1030:26:LL_RTC_IsShadowRegBypassEnabled	16	static
stm32f3xx_ll_rtc.h:1068:22:LL_RTC_SetAsynchPrescaler	16	static
stm32f3xx_ll_rtc.h:1080:22:LL_RTC_SetSynchPrescaler	16	static
stm32f3xx_ll_rtc.h:1113:22:LL_RTC_EnableWriteProtection	16	static
stm32f3xx_ll_rtc.h:1124:22:LL_RTC_DisableWriteProtection	16	static
stm32f3xx_ll_rtc.h:1297:22:LL_RTC_TIME_Config	32	static
stm32f3xx_ll_rtc.h:1627:22:LL_RTC_DATE_Config	32	static
stm32f3xx_ll_rtc.h:1714:22:LL_RTC_ALMA_SetMask	16	static
stm32f3xx_ll_rtc.h:1745:22:LL_RTC_ALMA_EnableWeekday	16	static
stm32f3xx_ll_rtc.h:1756:22:LL_RTC_ALMA_DisableWeekday	16	static
stm32f3xx_ll_rtc.h:1770:22:LL_RTC_ALMA_SetDay	16	static
stm32f3xx_ll_rtc.h:1803:22:LL_RTC_ALMA_SetWeekDay	16	static
stm32f3xx_ll_rtc.h:1955:22:LL_RTC_ALMA_ConfigTime	32	static
stm32f3xx_ll_rtc.h:2080:22:LL_RTC_ALMB_SetMask	16	static
stm32f3xx_ll_rtc.h:2111:22:LL_RTC_ALMB_EnableWeekday	16	static
stm32f3xx_ll_rtc.h:2122:22:LL_RTC_ALMB_DisableWeekday	16	static
stm32f3xx_ll_rtc.h:2136:22:LL_RTC_ALMB_SetDay	16	static
stm32f3xx_ll_rtc.h:2169:22:LL_RTC_ALMB_SetWeekDay	16	static
stm32f3xx_ll_rtc.h:2321:22:LL_RTC_ALMB_ConfigTime	32	static
stm32f3xx_ll_rtc.h:3417:26:LL_RTC_IsActiveFlag_INIT	16	static
stm32f3xx_ll_rtc.h:3428:26:LL_RTC_IsActiveFlag_RS	16	static
stm32f3xx_ll_rtc.h:3439:22:LL_RTC_ClearFlag_RS	16	static
stm32f3xx_ll_cortex.h:231:26:LL_SYSTICK_IsActiveCounterFlag	4	static
stm32f3xx_ll_rtc.c:138:13:LL_RTC_DeInit	24	static
stm32f3xx_ll_rtc.c:199:13:LL_RTC_Init	24	static
stm32f3xx_ll_rtc.c:238:6:LL_RTC_StructInit	16	static
stm32f3xx_ll_rtc.c:258:13:LL_RTC_TIME_Init	56	static
stm32f3xx_ll_rtc.c:340:6:LL_RTC_TIME_StructInit	16	static
stm32f3xx_ll_rtc.c:361:13:LL_RTC_DATE_Init	56	static
stm32f3xx_ll_rtc.c:428:6:LL_RTC_DATE_StructInit	16	static
stm32f3xx_ll_rtc.c:451:13:LL_RTC_ALMA_Init	48	static
stm32f3xx_ll_rtc.c:569:13:LL_RTC_ALMB_Init	48	static
stm32f3xx_ll_rtc.c:679:6:LL_RTC_ALMA_StructInit	16	static
stm32f3xx_ll_rtc.c:701:6:LL_RTC_ALMB_StructInit	16	static
stm32f3xx_ll_rtc.c:726:13:LL_RTC_EnterInitMode	32	static
stm32f3xx_ll_rtc.c:770:13:LL_RTC_ExitInitMode	16	static
stm32f3xx_ll_rtc.c:797:13:LL_RTC_WaitForSynchro	32	static
