stm32f3xx_ll_adc.h:3620:22:LL_ADC_REG_SetSequencerRanks	40	static
stm32f3xx_ll_adc.h:4824:22:LL_ADC_SetChannelSamplingTime	56	static
stm32f3xx_ll_adc.h:4974:22:LL_ADC_SetChannelSingleDiff	24	static
stm32f3xx_ll_adc.h:5780:22:LL_ADC_EnableInternalRegulator	16	static
stm32f3xx_ll_adc.h:5836:22:LL_ADC_Enable	16	static
stm32f3xx_ll_adc.h:5914:22:LL_ADC_StartCalibration	16	static
stm32f3xx_ll_adc.h:5930:26:LL_ADC_IsCalibrationOnGoing	16	static
stm32f3xx_ll_adc.h:5961:22:LL_ADC_REG_StartConversion	16	static
stm32f3xx_ll_adc.h:6067:25:LL_ADC_REG_ReadConversionData8	16	static
stm32f3xx_ll_adc.h:6347:26:LL_ADC_IsActiveFlag_ADRDY	16	static
stm32f3xx_ll_adc.h:6358:26:LL_ADC_IsActiveFlag_EOC	16	static
stm32f3xx_ll_adc.h:6482:22:LL_ADC_ClearFlag_EOC	16	static
stm32f3xx_ll_bus.h:287:22:LL_AHB1_GRP1_EnableClock	24	static
adc.c:29:6:MX_ADC1_Init	88	static
adc.c:103:6:MX_ADC1_Enable	8	static
adc.c:111:6:MX_ADC1_Calibration	8	static
adc.c:125:6:MX_ADC1_SetChannel	16	static
adc.c:134:6:MX_ADC1_StartConversion	8	static
adc.c:146:10:MX_ADC1_GetValue	16	static
