stm32f3xx_ll_i2c.h:645:22:LL_I2C_EnableClockStretching	16	static
stm32f3xx_ll_i2c.h:765:22:LL_I2C_DisableGeneralCall	16	static
stm32f3xx_ll_i2c.h:791:22:LL_I2C_SetMasterAddressingMode	16	static
stm32f3xx_ll_i2c.h:876:22:LL_I2C_SetOwnAddress2	24	static
stm32f3xx_ll_i2c.h:898:22:LL_I2C_DisableOwnAddress2	16	static
stm32f3xx_ll_i2c.h:1566:26:LL_I2C_IsActiveFlag_TXIS	16	static
stm32f3xx_ll_i2c.h:1579:26:LL_I2C_IsActiveFlag_RXNE	16	static
stm32f3xx_ll_i2c.h:1618:26:LL_I2C_IsActiveFlag_STOP	16	static
stm32f3xx_ll_i2c.h:1775:22:LL_I2C_ClearFlag_STOP	16	static
stm32f3xx_ll_i2c.h:1880:22:LL_I2C_EnableAutoEndMode	16	static
stm32f3xx_ll_i2c.h:1951:22:LL_I2C_SetTransferSize	16	static
stm32f3xx_ll_i2c.h:1991:22:LL_I2C_GenerateStartCondition	16	static
stm32f3xx_ll_i2c.h:2054:22:LL_I2C_SetTransferRequest	16	static
stm32f3xx_ll_i2c.h:2080:22:LL_I2C_SetSlaveAddr	16	static
stm32f3xx_ll_i2c.h:2219:25:LL_I2C_ReceiveData8	16	static
stm32f3xx_ll_i2c.h:2231:22:LL_I2C_TransmitData8	16	static
stm32f3xx_ll_bus.h:287:22:LL_AHB1_GRP1_EnableClock	24	static
stm32f3xx_ll_bus.h:537:22:LL_APB1_GRP1_EnableClock	24	static
i2c.c:28:6:MX_I2C1_Init	64	static
i2c.c:82:6:MX_I2C1_MasterInit	16	static
i2c.c:109:6:MX_I2C_Read	32	static
i2c.c:136:6:MX_I2C1_Write	24	static
