core_cm4.h:1657:22:__NVIC_SetPriorityGrouping	24	static
core_cm4.h:1676:26:__NVIC_GetPriorityGrouping	4	static
core_cm4.h:1816:22:__NVIC_SetPriority	16	static
core_cm4.h:1863:26:NVIC_EncodePriority	40	static
stm32f3xx_ll_rcc.h:1086:22:LL_RCC_HSI_Enable	4	static
stm32f3xx_ll_rcc.h:1106:26:LL_RCC_HSI_IsReady	4	static
stm32f3xx_ll_rcc.h:1132:22:LL_RCC_HSI_SetCalibTrimming	16	static
stm32f3xx_ll_rcc.h:1248:22:LL_RCC_LSI_Enable	4	static
stm32f3xx_ll_rcc.h:1268:26:LL_RCC_LSI_IsReady	4	static
stm32f3xx_ll_rcc.h:1290:22:LL_RCC_SetSysClkSource	16	static
stm32f3xx_ll_rcc.h:1303:26:LL_RCC_GetSysClkSource	4	static
stm32f3xx_ll_rcc.h:1323:22:LL_RCC_SetAHBPrescaler	16	static
stm32f3xx_ll_rcc.h:1339:22:LL_RCC_SetAPB1Prescaler	16	static
stm32f3xx_ll_rcc.h:1355:22:LL_RCC_SetAPB2Prescaler	16	static
stm32f3xx_ll_rcc.h:1533:22:LL_RCC_SetI2CClockSource	16	static
stm32f3xx_ll_rcc.h:1713:22:LL_RCC_SetADCClockSource	16	static
stm32f3xx_ll_rcc.h:2092:22:LL_RCC_SetRTCClockSource	16	static
stm32f3xx_ll_rcc.h:2106:26:LL_RCC_GetRTCClockSource	4	static
stm32f3xx_ll_rcc.h:2116:22:LL_RCC_EnableRTC	4	static
stm32f3xx_ll_rcc.h:2146:22:LL_RCC_ForceBackupDomainReset	4	static
stm32f3xx_ll_rcc.h:2156:22:LL_RCC_ReleaseBackupDomainReset	4	static
stm32f3xx_ll_rcc.h:2174:22:LL_RCC_PLL_Enable	4	static
stm32f3xx_ll_rcc.h:2195:26:LL_RCC_PLL_IsReady	4	static
stm32f3xx_ll_rcc.h:2293:22:LL_RCC_PLL_ConfigDomain_SYS	16	static
stm32f3xx_ll_bus.h:537:22:LL_APB1_GRP1_EnableClock	24	static
stm32f3xx_ll_bus.h:851:22:LL_APB2_GRP1_EnableClock	24	static
stm32f3xx_ll_system.h:1618:22:LL_FLASH_SetLatency	16	static
stm32f3xx_ll_system.h:1631:26:LL_FLASH_GetLatency	4	static
stm32f3xx_ll_pwr.h:244:22:LL_PWR_EnableBkUpAccess	4	static
main.c:69:5:main	16	static
main.c:167:6:SystemClock_Config	8	static
main.c:228:6:Error_Handler	4	static
