stm32f3xx_ll_bus.h:287:22:LL_AHB1_GRP1_EnableClock	24	static
stm32f3xx_ll_bus.h:851:22:LL_APB2_GRP1_EnableClock	24	static
stm32f3xx_ll_spi.h:359:22:LL_SPI_Enable	16	static
stm32f3xx_ll_spi.h:427:22:LL_SPI_SetStandard	16	static
stm32f3xx_ll_spi.h:875:22:LL_SPI_DisableNSSPulseMgt	16	static
stm32f3xx_ll_spi.h:917:26:LL_SPI_IsActiveFlag_TXE	16	static
stm32f3xx_ll_spi.h:968:26:LL_SPI_IsActiveFlag_BSY	16	static
stm32f3xx_ll_spi.h:1357:22:LL_SPI_TransmitData8	24	static
stm32f3xx_ll_gpio.h:879:22:LL_GPIO_SetOutputPin	16	static
stm32f3xx_ll_gpio.h:908:22:LL_GPIO_ResetOutputPin	16	static
spi.c:28:6:MX_SPI1_Init	72	static
spi.c:86:6:MX_SPI1_Send	16	static
spi.c:103:6:MX_SPI1_CS_Enable	8	static
spi.c:111:6:MX_SPI1_CS_Disable	8	static
